Creating test data...
Creating test plans...
Creating test users...
Creating test subscriptions...
Created 1000 plans, 1000 users, and 1999 subscriptions

=== Performance Tests ===

Test 1: Get active subscriptions with plan details
ORM Time: 0.0055 seconds
ORM Results: 6 subscriptions
Raw SQL Time: 0.0000 seconds
Raw SQL Results: 6 subscriptions

Test 2: Get subscription statistics
ORM Time: 0.0076 seconds
ORM Stats: 1000 plan statistics
Raw SQL Time: 0.0011 seconds
Raw SQL Stats: 1000 plan statistics

Test 3: Complex query - User subscription history
ORM Time: 0.0154 seconds
ORM Results: 1800 subscription history records
Raw SQL Time: 0.0000 seconds
Raw SQL Results: 1800 subscription history records

Test 4: Complex aggregation - Plan usage statistics
ORM Time: 0.0103 seconds
ORM Results: 3 plan type statistics
Raw SQL Time: 0.0020 seconds
Raw SQL Results: 3 plan type statistics

=== Subscription Handling Tests ===

Test 1: Create new subscription
Created subscription ID: 2000

Test 2: Cancel subscription
Subscription status after cancel: cancelled
Auto-renew after cancel: False

Test 3: Upgrade subscription

Tests completed!
